<?xml version="1.0"?>
<link_info>
   <banner>TMS320C55x Linker PC v4.4.1</banner>
   <copyright>Copyright (c) 1996-2012 Texas Instruments Incorporated</copyright>
   <link_time>0x6242ae15</link_time>
   <output_file>VoiceChanger.out</output_file>
   <entry_point>
      <name>_c_int00</name>
      <address>0x1cd8e</address>
   </entry_point>
   <input_file_list>
      <input_file id="fl-2">
         <path>.\</path>
         <kind>object</kind>
         <file>dma.obj</file>
         <name>dma.obj</name>
      </input_file>
      <input_file id="fl-3">
         <path>.\</path>
         <kind>object</kind>
         <file>fir.obj</file>
         <name>fir.obj</name>
      </input_file>
      <input_file id="fl-4">
         <path>.\</path>
         <kind>object</kind>
         <file>gpio.obj</file>
         <name>gpio.obj</name>
      </input_file>
      <input_file id="fl-5">
         <path>.\</path>
         <kind>object</kind>
         <file>i2s.obj</file>
         <name>i2s.obj</name>
      </input_file>
      <input_file id="fl-6">
         <path>.\</path>
         <kind>object</kind>
         <file>irq.obj</file>
         <name>irq.obj</name>
      </input_file>
      <input_file id="fl-7">
         <path>.\</path>
         <kind>object</kind>
         <file>main.obj</file>
         <name>main.obj</name>
      </input_file>
      <input_file id="fl-8">
         <path>.\audio_common\</path>
         <kind>object</kind>
         <file>audio_common.obj</file>
         <name>audio_common.obj</name>
      </input_file>
      <input_file id="fl-9">
         <path>.\common\</path>
         <kind>object</kind>
         <file>i2c_probe.obj</file>
         <name>i2c_probe.obj</name>
      </input_file>
      <input_file id="fl-a">
         <path>.\common\</path>
         <kind>object</kind>
         <file>platform.obj</file>
         <name>platform.obj</name>
      </input_file>
      <input_file id="fl-b">
         <path>.\common\</path>
         <kind>object</kind>
         <file>system_init.obj</file>
         <name>system_init.obj</name>
      </input_file>
      <input_file id="fl-23">
         <path>C:\ti\ccsv6\tools\compiler\c5500_4.4.1\lib\</path>
         <kind>archive</kind>
         <file>rts55x.lib</file>
         <name>boot.obj</name>
      </input_file>
      <input_file id="fl-24">
         <path>C:\ti\ccsv6\tools\compiler\c5500_4.4.1\lib\</path>
         <kind>archive</kind>
         <file>rts55x.lib</file>
         <name>defs.obj</name>
      </input_file>
      <input_file id="fl-25">
         <path>C:\ti\ccsv6\tools\compiler\c5500_4.4.1\lib\</path>
         <kind>archive</kind>
         <file>rts55x.lib</file>
         <name>divul.obj</name>
      </input_file>
      <input_file id="fl-26">
         <path>C:\ti\ccsv6\tools\compiler\c5500_4.4.1\lib\</path>
         <kind>archive</kind>
         <file>rts55x.lib</file>
         <name>exit.obj</name>
      </input_file>
      <input_file id="fl-27">
         <path>C:\ti\ccsv6\tools\compiler\c5500_4.4.1\lib\</path>
         <kind>archive</kind>
         <file>rts55x.lib</file>
         <name>fflush.obj</name>
      </input_file>
      <input_file id="fl-28">
         <path>C:\ti\ccsv6\tools\compiler\c5500_4.4.1\lib\</path>
         <kind>archive</kind>
         <file>rts55x.lib</file>
         <name>fscanf.obj</name>
      </input_file>
      <input_file id="fl-29">
         <path>C:\ti\ccsv6\tools\compiler\c5500_4.4.1\lib\</path>
         <kind>archive</kind>
         <file>rts55x.lib</file>
         <name>lmpy.obj</name>
      </input_file>
      <input_file id="fl-2a">
         <path>C:\ti\ccsv6\tools\compiler\c5500_4.4.1\lib\</path>
         <kind>archive</kind>
         <file>rts55x.lib</file>
         <name>lowlev.obj</name>
      </input_file>
      <input_file id="fl-2b">
         <path>C:\ti\ccsv6\tools\compiler\c5500_4.4.1\lib\</path>
         <kind>archive</kind>
         <file>rts55x.lib</file>
         <name>printf.obj</name>
      </input_file>
      <input_file id="fl-2c">
         <path>C:\ti\ccsv6\tools\compiler\c5500_4.4.1\lib\</path>
         <kind>archive</kind>
         <file>rts55x.lib</file>
         <name>trgdrv.obj</name>
      </input_file>
      <input_file id="fl-2d">
         <path>C:\ti\ccsv6\tools\compiler\c5500_4.4.1\lib\</path>
         <kind>archive</kind>
         <file>rts55x.lib</file>
         <name>trgmsg.obj</name>
      </input_file>
      <input_file id="fl-2e">
         <path>C:\ti\ccsv6\tools\compiler\c5500_4.4.1\lib\</path>
         <kind>archive</kind>
         <file>rts55x.lib</file>
         <name>ungetc.obj</name>
      </input_file>
      <input_file id="fl-2f">
         <path>C:\ti\ccsv6\tools\compiler\c5500_4.4.1\lib\</path>
         <kind>archive</kind>
         <file>rts55x.lib</file>
         <name>vectors.obj</name>
      </input_file>
      <input_file id="fl-30">
         <path>C:\ti\ccsv6\tools\compiler\c5500_4.4.1\lib\</path>
         <kind>archive</kind>
         <file>rts55x.lib</file>
         <name>vsprintf.obj</name>
      </input_file>
      <input_file id="fl-31">
         <path>C:\ti\ccsv6\tools\compiler\c5500_4.4.1\lib\</path>
         <kind>archive</kind>
         <file>rts55x.lib</file>
         <name>_lock.obj</name>
      </input_file>
      <input_file id="fl-32">
         <path>C:\ti\ccsv6\tools\compiler\c5500_4.4.1\lib\</path>
         <kind>archive</kind>
         <file>rts55x.lib</file>
         <name>_printfi.obj</name>
      </input_file>
      <input_file id="fl-33">
         <path>C:\ti\ccsv6\tools\compiler\c5500_4.4.1\lib\</path>
         <kind>archive</kind>
         <file>rts55x.lib</file>
         <name>_scanfi.obj</name>
      </input_file>
      <input_file id="fl-34">
         <path>C:\ti\ccsv6\tools\compiler\c5500_4.4.1\lib\</path>
         <kind>archive</kind>
         <file>rts55x.lib</file>
         <name>args_main.obj</name>
      </input_file>
      <input_file id="fl-35">
         <path>C:\ti\ccsv6\tools\compiler\c5500_4.4.1\lib\</path>
         <kind>archive</kind>
         <file>rts55x.lib</file>
         <name>atoi.obj</name>
      </input_file>
      <input_file id="fl-36">
         <path>C:\ti\ccsv6\tools\compiler\c5500_4.4.1\lib\</path>
         <kind>archive</kind>
         <file>rts55x.lib</file>
         <name>autoinit.obj</name>
      </input_file>
      <input_file id="fl-37">
         <path>C:\ti\ccsv6\tools\compiler\c5500_4.4.1\lib\</path>
         <kind>archive</kind>
         <file>rts55x.lib</file>
         <name>cmpd.obj</name>
      </input_file>
      <input_file id="fl-38">
         <path>C:\ti\ccsv6\tools\compiler\c5500_4.4.1\lib\</path>
         <kind>archive</kind>
         <file>rts55x.lib</file>
         <name>ctype.obj</name>
      </input_file>
      <input_file id="fl-39">
         <path>C:\ti\ccsv6\tools\compiler\c5500_4.4.1\lib\</path>
         <kind>archive</kind>
         <file>rts55x.lib</file>
         <name>divd.obj</name>
      </input_file>
      <input_file id="fl-3a">
         <path>C:\ti\ccsv6\tools\compiler\c5500_4.4.1\lib\</path>
         <kind>archive</kind>
         <file>rts55x.lib</file>
         <name>fgetc.obj</name>
      </input_file>
      <input_file id="fl-3b">
         <path>C:\ti\ccsv6\tools\compiler\c5500_4.4.1\lib\</path>
         <kind>archive</kind>
         <file>rts55x.lib</file>
         <name>fixdi.obj</name>
      </input_file>
      <input_file id="fl-3c">
         <path>C:\ti\ccsv6\tools\compiler\c5500_4.4.1\lib\</path>
         <kind>archive</kind>
         <file>rts55x.lib</file>
         <name>fixdli.obj</name>
      </input_file>
      <input_file id="fl-3d">
         <path>C:\ti\ccsv6\tools\compiler\c5500_4.4.1\lib\</path>
         <kind>archive</kind>
         <file>rts55x.lib</file>
         <name>fltlid.obj</name>
      </input_file>
      <input_file id="fl-3e">
         <path>C:\ti\ccsv6\tools\compiler\c5500_4.4.1\lib\</path>
         <kind>archive</kind>
         <file>rts55x.lib</file>
         <name>fputc.obj</name>
      </input_file>
      <input_file id="fl-3f">
         <path>C:\ti\ccsv6\tools\compiler\c5500_4.4.1\lib\</path>
         <kind>archive</kind>
         <file>rts55x.lib</file>
         <name>fputs.obj</name>
      </input_file>
      <input_file id="fl-40">
         <path>C:\ti\ccsv6\tools\compiler\c5500_4.4.1\lib\</path>
         <kind>archive</kind>
         <file>rts55x.lib</file>
         <name>frcmpyd_div.obj</name>
      </input_file>
      <input_file id="fl-41">
         <path>C:\ti\ccsv6\tools\compiler\c5500_4.4.1\lib\</path>
         <kind>archive</kind>
         <file>rts55x.lib</file>
         <name>isinf.obj</name>
      </input_file>
      <input_file id="fl-42">
         <path>C:\ti\ccsv6\tools\compiler\c5500_4.4.1\lib\</path>
         <kind>archive</kind>
         <file>rts55x.lib</file>
         <name>llmpy.obj</name>
      </input_file>
      <input_file id="fl-43">
         <path>C:\ti\ccsv6\tools\compiler\c5500_4.4.1\lib\</path>
         <kind>archive</kind>
         <file>rts55x.lib</file>
         <name>ltoa.obj</name>
      </input_file>
      <input_file id="fl-44">
         <path>C:\ti\ccsv6\tools\compiler\c5500_4.4.1\lib\</path>
         <kind>archive</kind>
         <file>rts55x.lib</file>
         <name>memccpy.obj</name>
      </input_file>
      <input_file id="fl-45">
         <path>C:\ti\ccsv6\tools\compiler\c5500_4.4.1\lib\</path>
         <kind>archive</kind>
         <file>rts55x.lib</file>
         <name>memcpy.obj</name>
      </input_file>
      <input_file id="fl-46">
         <path>C:\ti\ccsv6\tools\compiler\c5500_4.4.1\lib\</path>
         <kind>archive</kind>
         <file>rts55x.lib</file>
         <name>mpyd.obj</name>
      </input_file>
      <input_file id="fl-47">
         <path>C:\ti\ccsv6\tools\compiler\c5500_4.4.1\lib\</path>
         <kind>archive</kind>
         <file>rts55x.lib</file>
         <name>negd.obj</name>
      </input_file>
      <input_file id="fl-48">
         <path>C:\ti\ccsv6\tools\compiler\c5500_4.4.1\lib\</path>
         <kind>archive</kind>
         <file>rts55x.lib</file>
         <name>remli.obj</name>
      </input_file>
      <input_file id="fl-49">
         <path>C:\ti\ccsv6\tools\compiler\c5500_4.4.1\lib\</path>
         <kind>archive</kind>
         <file>rts55x.lib</file>
         <name>remul.obj</name>
      </input_file>
      <input_file id="fl-4a">
         <path>C:\ti\ccsv6\tools\compiler\c5500_4.4.1\lib\</path>
         <kind>archive</kind>
         <file>rts55x.lib</file>
         <name>setvbuf.obj</name>
      </input_file>
      <input_file id="fl-4b">
         <path>C:\ti\ccsv6\tools\compiler\c5500_4.4.1\lib\</path>
         <kind>archive</kind>
         <file>rts55x.lib</file>
         <name>strtod.obj</name>
      </input_file>
      <input_file id="fl-4c">
         <path>C:\ti\ccsv6\tools\compiler\c5500_4.4.1\lib\</path>
         <kind>archive</kind>
         <file>rts55x.lib</file>
         <name>strtol.obj</name>
      </input_file>
      <input_file id="fl-4d">
         <path>C:\ti\ccsv6\tools\compiler\c5500_4.4.1\lib\</path>
         <kind>archive</kind>
         <file>rts55x.lib</file>
         <name>strtold.obj</name>
      </input_file>
      <input_file id="fl-4e">
         <path>C:\ti\ccsv6\tools\compiler\c5500_4.4.1\lib\</path>
         <kind>archive</kind>
         <file>rts55x.lib</file>
         <name>strtoll.obj</name>
      </input_file>
      <input_file id="fl-4f">
         <path>C:\ti\ccsv6\tools\compiler\c5500_4.4.1\lib\</path>
         <kind>archive</kind>
         <file>rts55x.lib</file>
         <name>strtoul.obj</name>
      </input_file>
      <input_file id="fl-50">
         <path>C:\ti\ccsv6\tools\compiler\c5500_4.4.1\lib\</path>
         <kind>archive</kind>
         <file>rts55x.lib</file>
         <name>strtoull.obj</name>
      </input_file>
      <input_file id="fl-51">
         <path>C:\ti\ccsv6\tools\compiler\c5500_4.4.1\lib\</path>
         <kind>archive</kind>
         <file>rts55x.lib</file>
         <name>subd.obj</name>
      </input_file>
      <input_file id="fl-52">
         <path>C:\ti\ccsv6\tools\compiler\c5500_4.4.1\lib\</path>
         <kind>archive</kind>
         <file>rts55x.lib</file>
         <name>udiv.obj</name>
      </input_file>
      <input_file id="fl-53">
         <path>C:\ti\ccsv6\tools\compiler\c5500_4.4.1\lib\</path>
         <kind>archive</kind>
         <file>rts55x.lib</file>
         <name>_bufread.obj</name>
      </input_file>
      <input_file id="fl-54">
         <path>C:\ti\ccsv6\tools\compiler\c5500_4.4.1\lib\</path>
         <kind>archive</kind>
         <file>rts55x.lib</file>
         <name>_io_perm.obj</name>
      </input_file>
      <input_file id="fl-55">
         <path>C:\ti\ccsv6\tools\compiler\c5500_4.4.1\lib\</path>
         <kind>archive</kind>
         <file>rts55x.lib</file>
         <name>addd.obj</name>
      </input_file>
      <input_file id="fl-56">
         <path>C:\ti\ccsv6\tools\compiler\c5500_4.4.1\lib\</path>
         <kind>archive</kind>
         <file>rts55x.lib</file>
         <name>divli.obj</name>
      </input_file>
      <input_file id="fl-57">
         <path>C:\ti\ccsv6\tools\compiler\c5500_4.4.1\lib\</path>
         <kind>archive</kind>
         <file>rts55x.lib</file>
         <name>errno.obj</name>
      </input_file>
      <input_file id="fl-58">
         <path>C:\ti\ccsv6\tools\compiler\c5500_4.4.1\lib\</path>
         <kind>archive</kind>
         <file>rts55x.lib</file>
         <name>fopen.obj</name>
      </input_file>
      <input_file id="fl-59">
         <path>C:\ti\ccsv6\tools\compiler\c5500_4.4.1\lib\</path>
         <kind>archive</kind>
         <file>rts55x.lib</file>
         <name>frcmpyd.obj</name>
      </input_file>
      <input_file id="fl-5a">
         <path>C:\ti\ccsv6\tools\compiler\c5500_4.4.1\lib\</path>
         <kind>archive</kind>
         <file>rts55x.lib</file>
         <name>fseek.obj</name>
      </input_file>
      <input_file id="fl-5b">
         <path>C:\ti\ccsv6\tools\compiler\c5500_4.4.1\lib\</path>
         <kind>archive</kind>
         <file>rts55x.lib</file>
         <name>idiv.obj</name>
      </input_file>
      <input_file id="fl-5c">
         <path>C:\ti\ccsv6\tools\compiler\c5500_4.4.1\lib\</path>
         <kind>archive</kind>
         <file>rts55x.lib</file>
         <name>memory.obj</name>
      </input_file>
      <input_file id="fl-5d">
         <path>C:\ti\ccsv6\tools\compiler\c5500_4.4.1\lib\</path>
         <kind>archive</kind>
         <file>rts55x.lib</file>
         <name>fclose.obj</name>
      </input_file>
      <input_file id="fl-5e">
         <path>C:\ti\ccsv6\tools\compiler\c5500_4.4.1\lib\</path>
         <kind>archive</kind>
         <file>rts55x.lib</file>
         <name>remove.obj</name>
      </input_file>
      <input_file id="fl-5f">
         <path>C:\ti\c55_lp\c55_csl_3.08.01\ccs_v6.x_examples\C55XXCSL_LP\Debug\</path>
         <kind>archive</kind>
         <file>C55XXCSL_LP.lib</file>
         <name>csl_dma.obj</name>
      </input_file>
      <input_file id="fl-60">
         <path>C:\ti\c55_lp\c55_csl_3.08.01\ccs_v6.x_examples\C55XXCSL_LP\Debug\</path>
         <kind>archive</kind>
         <file>C55XXCSL_LP.lib</file>
         <name>csl_gpio.obj</name>
      </input_file>
      <input_file id="fl-61">
         <path>C:\ti\c55_lp\c55_csl_3.08.01\ccs_v6.x_examples\C55XXCSL_LP\Debug\</path>
         <kind>archive</kind>
         <file>C55XXCSL_LP.lib</file>
         <name>csl_i2c.obj</name>
      </input_file>
      <input_file id="fl-62">
         <path>C:\ti\c55_lp\c55_csl_3.08.01\ccs_v6.x_examples\C55XXCSL_LP\Debug\</path>
         <kind>archive</kind>
         <file>C55XXCSL_LP.lib</file>
         <name>csl_i2s.obj</name>
      </input_file>
      <input_file id="fl-63">
         <path>C:\ti\c55_lp\c55_csl_3.08.01\ccs_v6.x_examples\C55XXCSL_LP\Debug\</path>
         <kind>archive</kind>
         <file>C55XXCSL_LP.lib</file>
         <name>csl_intc.obj</name>
      </input_file>
      <input_file id="fl-64">
         <path>C:\ti\c55_lp\c55_csl_3.08.01\ccs_v6.x_examples\C55XXCSL_LP\Debug\</path>
         <kind>archive</kind>
         <file>C55XXCSL_LP.lib</file>
         <name>csl_irqplug.obj</name>
      </input_file>
      <input_file id="fl-65">
         <path>C:\ti\c55_lp\c55_csl_3.08.01\ccs_v6.x_examples\C55XXCSL_LP\Debug\</path>
         <kind>archive</kind>
         <file>C55XXCSL_LP.lib</file>
         <name>csl_sysctrl.obj</name>
      </input_file>
      <input_file id="fl-66">
         <path>C:\ti\c55_lp\c55_csl_3.08.01\ccs_v6.x_examples\C55XXCSL_LP\Debug\</path>
         <kind>archive</kind>
         <file>C55XXCSL_LP.lib</file>
         <name>csl_uart.obj</name>
      </input_file>
      <input_file id="fl-67">
         <path>C:\ti\c55_lp\c55_csl_3.08.01\ccs_v6.x_examples\C55XXCSL_LP\Debug\</path>
         <kind>archive</kind>
         <file>C55XXCSL_LP.lib</file>
         <name>vectors.obj</name>
      </input_file>
   </input_file_list>
   <object_component_list>
      <object_component id="oc-186">
         <name>vectors</name>
         <load_address>0x100</load_address>
         <run_address>0x100</run_address>
         <size>0x100</size>
         <input_file_ref idref="fl-67"/>
      </object_component>
      <object_component id="oc-8e">
         <name>vectors</name>
         <load_address>0x200</load_address>
         <run_address>0x200</run_address>
         <size>0x100</size>
         <input_file_ref idref="fl-2f"/>
      </object_component>
      <object_component id="oc-159">
         <name>.text</name>
         <load_address>0x10000</load_address>
         <run_address>0x10000</run_address>
         <size>0x1f50</size>
         <input_file_ref idref="fl-5f"/>
      </object_component>
      <object_component id="oc-9c">
         <name>.text</name>
         <load_address>0x11f50</load_address>
         <run_address>0x11f50</run_address>
         <size>0x15a4</size>
         <input_file_ref idref="fl-32"/>
      </object_component>
      <object_component id="oc-180">
         <name>.text</name>
         <load_address>0x134f4</load_address>
         <run_address>0x134f4</run_address>
         <size>0x10b9</size>
         <input_file_ref idref="fl-66"/>
      </object_component>
      <object_component id="oc-a2">
         <name>.text</name>
         <load_address>0x145ad</load_address>
         <run_address>0x145ad</run_address>
         <size>0xedb</size>
         <input_file_ref idref="fl-33"/>
      </object_component>
      <object_component id="oc-163">
         <name>.text</name>
         <load_address>0x15488</load_address>
         <run_address>0x15488</run_address>
         <size>0xe8f</size>
         <input_file_ref idref="fl-61"/>
      </object_component>
      <object_component id="oc-169">
         <name>.text</name>
         <load_address>0x16317</load_address>
         <run_address>0x16317</run_address>
         <size>0x997</size>
         <input_file_ref idref="fl-62"/>
      </object_component>
      <object_component id="oc-15e">
         <name>.text</name>
         <load_address>0x16cae</load_address>
         <run_address>0x16cae</run_address>
         <size>0x68d</size>
         <input_file_ref idref="fl-60"/>
      </object_component>
      <object_component id="oc-74">
         <name>.text</name>
         <load_address>0x1733b</load_address>
         <run_address>0x1733b</run_address>
         <size>0x543</size>
         <input_file_ref idref="fl-2a"/>
      </object_component>
      <object_component id="oc-7e">
         <name>.text</name>
         <load_address>0x1787e</load_address>
         <run_address>0x1787e</run_address>
         <size>0x528</size>
         <input_file_ref idref="fl-2c"/>
      </object_component>
      <object_component id="oc-170">
         <name>.text</name>
         <load_address>0x17da6</load_address>
         <run_address>0x17da6</run_address>
         <size>0x508</size>
         <input_file_ref idref="fl-63"/>
      </object_component>
      <object_component id="oc-15">
         <name>.text:retain</name>
         <load_address>0x182ae</load_address>
         <run_address>0x182ae</run_address>
         <size>0x4ff</size>
         <input_file_ref idref="fl-2"/>
      </object_component>
      <object_component id="oc-14a">
         <name>.text</name>
         <load_address>0x187ad</load_address>
         <run_address>0x187ad</run_address>
         <size>0x4b5</size>
         <input_file_ref idref="fl-5c"/>
      </object_component>
      <object_component id="oc-b8">
         <name>.text</name>
         <load_address>0x18c62</load_address>
         <run_address>0x18c62</run_address>
         <size>0x3cc</size>
         <input_file_ref idref="fl-39"/>
      </object_component>
      <object_component id="oc-48">
         <name>.text</name>
         <load_address>0x1902e</load_address>
         <run_address>0x1902e</run_address>
         <size>0x326</size>
         <input_file_ref idref="fl-a"/>
      </object_component>
      <object_component id="oc-110">
         <name>.text</name>
         <load_address>0x19354</load_address>
         <run_address>0x19354</run_address>
         <size>0x301</size>
         <input_file_ref idref="fl-4e"/>
      </object_component>
      <object_component id="oc-102">
         <name>.text</name>
         <load_address>0x19655</load_address>
         <run_address>0x19655</run_address>
         <size>0x2bd</size>
         <input_file_ref idref="fl-4b"/>
      </object_component>
      <object_component id="oc-10b">
         <name>.text</name>
         <load_address>0x19912</load_address>
         <run_address>0x19912</run_address>
         <size>0x29f</size>
         <input_file_ref idref="fl-4d"/>
      </object_component>
      <object_component id="oc-138">
         <name>.text</name>
         <load_address>0x19bb1</load_address>
         <run_address>0x19bb1</run_address>
         <size>0x27f</size>
         <input_file_ref idref="fl-58"/>
      </object_component>
      <object_component id="oc-17a">
         <name>.text</name>
         <load_address>0x19e30</load_address>
         <run_address>0x19e30</run_address>
         <size>0x25e</size>
         <input_file_ref idref="fl-65"/>
      </object_component>
      <object_component id="oc-de">
         <name>.text</name>
         <load_address>0x1a08e</load_address>
         <run_address>0x1a08e</run_address>
         <size>0x25e</size>
         <input_file_ref idref="fl-42"/>
      </object_component>
      <object_component id="oc-12c">
         <name>.text</name>
         <load_address>0x1a2ec</load_address>
         <run_address>0x1a2ec</run_address>
         <size>0x25a</size>
         <input_file_ref idref="fl-55"/>
      </object_component>
      <object_component id="oc-39">
         <name>.text</name>
         <load_address>0x1a546</load_address>
         <run_address>0x1a546</run_address>
         <size>0x24d</size>
         <input_file_ref idref="fl-8"/>
      </object_component>
      <object_component id="oc-118">
         <name>.text</name>
         <load_address>0x1a793</load_address>
         <run_address>0x1a793</run_address>
         <size>0x24b</size>
         <input_file_ref idref="fl-50"/>
      </object_component>
      <object_component id="oc-11">
         <name>.text</name>
         <load_address>0x1a9de</load_address>
         <run_address>0x1a9de</run_address>
         <size>0x22c</size>
         <input_file_ref idref="fl-2"/>
      </object_component>
      <object_component id="oc-24">
         <name>.text:retain</name>
         <load_address>0x1ac0a</load_address>
         <run_address>0x1ac0a</run_address>
         <size>0x20a</size>
         <input_file_ref idref="fl-4"/>
      </object_component>
      <object_component id="oc-107">
         <name>.text</name>
         <load_address>0x1ae14</load_address>
         <run_address>0x1ae14</run_address>
         <size>0x208</size>
         <input_file_ref idref="fl-4c"/>
      </object_component>
      <object_component id="oc-b2">
         <name>.text</name>
         <load_address>0x1b01c</load_address>
         <run_address>0x1b01c</run_address>
         <size>0x1ea</size>
         <input_file_ref idref="fl-37"/>
      </object_component>
      <object_component id="oc-114">
         <name>.text</name>
         <load_address>0x1b206</load_address>
         <run_address>0x1b206</run_address>
         <size>0x1d1</size>
         <input_file_ref idref="fl-4f"/>
      </object_component>
      <object_component id="oc-29">
         <name>.text</name>
         <load_address>0x1b3d7</load_address>
         <run_address>0x1b3d7</run_address>
         <size>0x1c3</size>
         <input_file_ref idref="fl-5"/>
      </object_component>
      <object_component id="oc-20">
         <name>.text</name>
         <load_address>0x1b59a</load_address>
         <run_address>0x1b59a</run_address>
         <size>0x183</size>
         <input_file_ref idref="fl-4"/>
      </object_component>
      <object_component id="oc-d1">
         <name>.text</name>
         <load_address>0x1b71d</load_address>
         <run_address>0x1b71d</run_address>
         <size>0x163</size>
         <input_file_ref idref="fl-3f"/>
      </object_component>
      <object_component id="oc-6c">
         <name>.text</name>
         <load_address>0x1b880</load_address>
         <run_address>0x1b880</run_address>
         <size>0x161</size>
         <input_file_ref idref="fl-28"/>
      </object_component>
      <object_component id="oc-ee">
         <name>.text</name>
         <load_address>0x1b9e1</load_address>
         <run_address>0x1b9e1</run_address>
         <size>0x14c</size>
         <input_file_ref idref="fl-46"/>
      </object_component>
      <object_component id="oc-3d">
         <name>.text:retain</name>
         <load_address>0x1bb2d</load_address>
         <run_address>0x1bb2d</run_address>
         <size>0x13c</size>
         <input_file_ref idref="fl-8"/>
      </object_component>
      <object_component id="oc-1a">
         <name>.text</name>
         <load_address>0x1bc69</load_address>
         <run_address>0x1bc69</run_address>
         <size>0x11a</size>
         <input_file_ref idref="fl-3"/>
      </object_component>
      <object_component id="oc-fe">
         <name>.text</name>
         <load_address>0x1bd83</load_address>
         <run_address>0x1bd83</run_address>
         <size>0xe6</size>
         <input_file_ref idref="fl-4a"/>
      </object_component>
      <object_component id="oc-128">
         <name>.text</name>
         <load_address>0x1be69</load_address>
         <run_address>0x1be69</run_address>
         <size>0xdd</size>
         <input_file_ref idref="fl-54"/>
      </object_component>
      <object_component id="oc-68">
         <name>.text</name>
         <load_address>0x1bf46</load_address>
         <run_address>0x1bf46</run_address>
         <size>0xc2</size>
         <input_file_ref idref="fl-27"/>
      </object_component>
      <object_component id="oc-86">
         <name>.text:CIO_breakpoint</name>
         <load_address>0x1c008</load_address>
         <run_address>0x1c008</run_address>
         <size>0xba</size>
         <input_file_ref idref="fl-2d"/>
      </object_component>
      <object_component id="oc-124">
         <name>.text</name>
         <load_address>0x1c0c2</load_address>
         <run_address>0x1c0c2</run_address>
         <size>0xae</size>
         <input_file_ref idref="fl-53"/>
      </object_component>
      <object_component id="oc-cd">
         <name>.text</name>
         <load_address>0x1c170</load_address>
         <run_address>0x1c170</run_address>
         <size>0xa6</size>
         <input_file_ref idref="fl-3e"/>
      </object_component>
      <object_component id="oc-5d">
         <name>.text</name>
         <load_address>0x1c216</load_address>
         <run_address>0x1c216</run_address>
         <size>0xa1</size>
         <input_file_ref idref="fl-25"/>
      </object_component>
      <object_component id="oc-bc">
         <name>.text</name>
         <load_address>0x1c2b7</load_address>
         <run_address>0x1c2b7</run_address>
         <size>0x9b</size>
         <input_file_ref idref="fl-3a"/>
      </object_component>
      <object_component id="oc-89">
         <name>.text</name>
         <load_address>0x1c352</load_address>
         <run_address>0x1c352</run_address>
         <size>0x9a</size>
         <input_file_ref idref="fl-2e"/>
      </object_component>
      <object_component id="oc-33">
         <name>.text</name>
         <load_address>0x1c3ec</load_address>
         <run_address>0x1c3ec</run_address>
         <size>0x8e</size>
         <input_file_ref idref="fl-7"/>
      </object_component>
      <object_component id="oc-176">
         <name>.text</name>
         <load_address>0x1c47a</load_address>
         <run_address>0x1c47a</run_address>
         <size>0x8c</size>
         <input_file_ref idref="fl-64"/>
      </object_component>
      <object_component id="oc-e2">
         <name>.text</name>
         <load_address>0x1c506</load_address>
         <run_address>0x1c506</run_address>
         <size>0x7d</size>
         <input_file_ref idref="fl-43"/>
      </object_component>
      <object_component id="oc-151">
         <name>.text</name>
         <load_address>0x1c583</load_address>
         <run_address>0x1c583</run_address>
         <size>0x7b</size>
         <input_file_ref idref="fl-5d"/>
      </object_component>
      <object_component id="oc-13e">
         <name>.text</name>
         <load_address>0x1c5fe</load_address>
         <run_address>0x1c5fe</run_address>
         <size>0x76</size>
         <input_file_ref idref="fl-59"/>
      </object_component>
      <object_component id="oc-d6">
         <name>.text</name>
         <load_address>0x1c674</load_address>
         <run_address>0x1c674</run_address>
         <size>0x73</size>
         <input_file_ref idref="fl-40"/>
      </object_component>
      <object_component id="oc-fa">
         <name>.text</name>
         <load_address>0x1c6e7</load_address>
         <run_address>0x1c6e7</run_address>
         <size>0x72</size>
         <input_file_ref idref="fl-49"/>
      </object_component>
      <object_component id="oc-c4">
         <name>.text</name>
         <load_address>0x1c759</load_address>
         <run_address>0x1c759</run_address>
         <size>0x6f</size>
         <input_file_ref idref="fl-3c"/>
      </object_component>
      <object_component id="oc-2e">
         <name>.text</name>
         <load_address>0x1c7c8</load_address>
         <run_address>0x1c7c8</run_address>
         <size>0x6e</size>
         <input_file_ref idref="fl-6"/>
      </object_component>
      <object_component id="oc-185">
         <name>.text</name>
         <load_address>0x1c836</load_address>
         <run_address>0x1c836</run_address>
         <size>0x6d</size>
         <input_file_ref idref="fl-67"/>
      </object_component>
      <object_component id="oc-83">
         <name>.text</name>
         <load_address>0x1c8a3</load_address>
         <run_address>0x1c8a3</run_address>
         <size>0x6d</size>
         <input_file_ref idref="fl-2d"/>
      </object_component>
      <object_component id="oc-142">
         <name>.text</name>
         <load_address>0x1c910</load_address>
         <run_address>0x1c910</run_address>
         <size>0x6b</size>
         <input_file_ref idref="fl-5a"/>
      </object_component>
      <object_component id="oc-92">
         <name>.text</name>
         <load_address>0x1c97b</load_address>
         <run_address>0x1c97b</run_address>
         <size>0x6a</size>
         <input_file_ref idref="fl-30"/>
      </object_component>
      <object_component id="oc-c8">
         <name>.text</name>
         <load_address>0x1c9e5</load_address>
         <run_address>0x1c9e5</run_address>
         <size>0x67</size>
         <input_file_ref idref="fl-3d"/>
      </object_component>
      <object_component id="oc-42">
         <name>.text</name>
         <load_address>0x1ca4c</load_address>
         <run_address>0x1ca4c</run_address>
         <size>0x61</size>
         <input_file_ref idref="fl-9"/>
      </object_component>
      <object_component id="oc-aa">
         <name>.text</name>
         <load_address>0x1caad</load_address>
         <run_address>0x1caad</run_address>
         <size>0x5c</size>
         <input_file_ref idref="fl-35"/>
      </object_component>
      <object_component id="oc-50">
         <name>.text</name>
         <load_address>0x1cb09</load_address>
         <run_address>0x1cb09</run_address>
         <size>0x51</size>
         <input_file_ref idref="fl-b"/>
      </object_component>
      <object_component id="oc-7a">
         <name>.text</name>
         <load_address>0x1cb5a</load_address>
         <run_address>0x1cb5a</run_address>
         <size>0x50</size>
         <input_file_ref idref="fl-2b"/>
      </object_component>
      <object_component id="oc-ae">
         <name>.text</name>
         <load_address>0x1cbaa</load_address>
         <run_address>0x1cbaa</run_address>
         <size>0x4d</size>
         <input_file_ref idref="fl-36"/>
      </object_component>
      <object_component id="oc-a6">
         <name>.text</name>
         <load_address>0x1cbf7</load_address>
         <run_address>0x1cbf7</run_address>
         <size>0x4b</size>
         <input_file_ref idref="fl-34"/>
      </object_component>
      <object_component id="oc-f6">
         <name>.text</name>
         <load_address>0x1cc42</load_address>
         <run_address>0x1cc42</run_address>
         <size>0x4b</size>
         <input_file_ref idref="fl-48"/>
      </object_component>
      <object_component id="oc-130">
         <name>.text</name>
         <load_address>0x1cc8d</load_address>
         <run_address>0x1cc8d</run_address>
         <size>0x48</size>
         <input_file_ref idref="fl-56"/>
      </object_component>
      <object_component id="oc-ea">
         <name>.text</name>
         <load_address>0x1ccd5</load_address>
         <run_address>0x1ccd5</run_address>
         <size>0x3f</size>
         <input_file_ref idref="fl-45"/>
      </object_component>
      <object_component id="oc-61">
         <name>.text</name>
         <load_address>0x1cd14</load_address>
         <run_address>0x1cd14</run_address>
         <size>0x3e</size>
         <input_file_ref idref="fl-26"/>
      </object_component>
      <object_component id="oc-146">
         <name>.text</name>
         <load_address>0x1cd52</load_address>
         <run_address>0x1cd52</run_address>
         <size>0x3c</size>
         <input_file_ref idref="fl-5b"/>
      </object_component>
      <object_component id="oc-10">
         <name>.text</name>
         <load_address>0x1cd8e</load_address>
         <run_address>0x1cd8e</run_address>
         <size>0x34</size>
         <input_file_ref idref="fl-23"/>
      </object_component>
      <object_component id="oc-c0">
         <name>.text</name>
         <load_address>0x1cdc2</load_address>
         <run_address>0x1cdc2</run_address>
         <size>0x2a</size>
         <input_file_ref idref="fl-3b"/>
      </object_component>
      <object_component id="oc-120">
         <name>.text</name>
         <load_address>0x1cdec</load_address>
         <run_address>0x1cdec</run_address>
         <size>0x2a</size>
         <input_file_ref idref="fl-52"/>
      </object_component>
      <object_component id="oc-e6">
         <name>.text</name>
         <load_address>0x1ce16</load_address>
         <run_address>0x1ce16</run_address>
         <size>0x23</size>
         <input_file_ref idref="fl-44"/>
      </object_component>
      <object_component id="oc-da">
         <name>.text</name>
         <load_address>0x1ce39</load_address>
         <run_address>0x1ce39</run_address>
         <size>0x1a</size>
         <input_file_ref idref="fl-41"/>
      </object_component>
      <object_component id="oc-11c">
         <name>.text</name>
         <load_address>0x1ce53</load_address>
         <run_address>0x1ce53</run_address>
         <size>0x14</size>
         <input_file_ref idref="fl-51"/>
      </object_component>
      <object_component id="oc-70">
         <name>.text</name>
         <load_address>0x1ce67</load_address>
         <run_address>0x1ce67</run_address>
         <size>0x13</size>
         <input_file_ref idref="fl-29"/>
      </object_component>
      <object_component id="oc-96">
         <name>.text</name>
         <load_address>0x1ce7a</load_address>
         <run_address>0x1ce7a</run_address>
         <size>0x12</size>
         <input_file_ref idref="fl-31"/>
      </object_component>
      <object_component id="oc-f2">
         <name>.text</name>
         <load_address>0x1ce8c</load_address>
         <run_address>0x1ce8c</run_address>
         <size>0x10</size>
         <input_file_ref idref="fl-47"/>
      </object_component>
      <object_component id="oc-155">
         <name>.text</name>
         <load_address>0x1ce9c</load_address>
         <run_address>0x1ce9c</run_address>
         <size>0xa</size>
         <input_file_ref idref="fl-5e"/>
      </object_component>
      <object_component id="oc-65">
         <name>.text:CIO_breakpoint</name>
         <load_address>0x1cea6</load_address>
         <run_address>0x1cea6</run_address>
         <size>0x7</size>
         <input_file_ref idref="fl-26"/>
      </object_component>
      <object_component id="oc-8d">
         <name>.text</name>
         <load_address>0x1cead</load_address>
         <run_address>0x1cead</run_address>
         <size>0x2</size>
         <input_file_ref idref="fl-2f"/>
      </object_component>
      <object_component id="oc-55">
         <name>.stack</name>
         <uninitialized>true</uninitialized>
         <run_address>0x22ee4</run_address>
         <size>0x0</size>
         <input_file_ref idref="fl-23"/>
      </object_component>
      <object_component id="oc-1af">
         <name>.stack</name>
         <uninitialized>true</uninitialized>
         <run_address>0x22ee4</run_address>
         <size>0x0</size>
      </object_component>
      <object_component id="oc-18a">
         <name>.sysstack</name>
         <uninitialized>true</uninitialized>
         <run_address>0x23ee4</run_address>
         <size>0x0</size>
         <input_file_ref idref="fl-23"/>
      </object_component>
      <object_component id="oc-1b1">
         <name>.sysstack</name>
         <uninitialized>true</uninitialized>
         <run_address>0x23ee4</run_address>
         <size>0x0</size>
      </object_component>
      <object_component id="oc-12">
         <name>.bss</name>
         <load_address>0x20e30</load_address>
         <run_address>0x20e30</run_address>
         <size>0x1878</size>
         <input_file_ref idref="fl-2"/>
      </object_component>
      <object_component id="oc-59">
         <name>.bss</name>
         <load_address>0x226a8</load_address>
         <run_address>0x226a8</run_address>
         <size>0x232</size>
         <input_file_ref idref="fl-24"/>
      </object_component>
      <object_component id="oc-134">
         <name>.bss</name>
         <load_address>0x228da</load_address>
         <run_address>0x228da</run_address>
         <size>0x2</size>
         <input_file_ref idref="fl-57"/>
      </object_component>
      <object_component id="oc-49">
         <name>.bss</name>
         <load_address>0x228dc</load_address>
         <run_address>0x228dc</run_address>
         <size>0x1bc</size>
         <input_file_ref idref="fl-a"/>
      </object_component>
      <object_component id="oc-7f">
         <name>.bss</name>
         <load_address>0x22a98</load_address>
         <run_address>0x22a98</run_address>
         <size>0x1a0</size>
         <input_file_ref idref="fl-2c"/>
      </object_component>
      <object_component id="oc-171">
         <name>.bss</name>
         <load_address>0x22c38</load_address>
         <run_address>0x22c38</run_address>
         <size>0x108</size>
         <input_file_ref idref="fl-63"/>
      </object_component>
      <object_component id="oc-75">
         <name>.bss</name>
         <load_address>0x22d40</load_address>
         <run_address>0x22d40</run_address>
         <size>0xe2</size>
         <input_file_ref idref="fl-2a"/>
      </object_component>
      <object_component id="oc-16a">
         <name>.bss</name>
         <load_address>0x22e22</load_address>
         <run_address>0x22e22</run_address>
         <size>0x54</size>
         <input_file_ref idref="fl-62"/>
      </object_component>
      <object_component id="oc-139">
         <name>.bss</name>
         <load_address>0x22e76</load_address>
         <run_address>0x22e76</run_address>
         <size>0x2</size>
         <input_file_ref idref="fl-58"/>
      </object_component>
      <object_component id="oc-164">
         <name>.bss</name>
         <load_address>0x22e78</load_address>
         <run_address>0x22e78</run_address>
         <size>0x24</size>
         <input_file_ref idref="fl-61"/>
      </object_component>
      <object_component id="oc-21">
         <name>.bss</name>
         <load_address>0x22e9c</load_address>
         <run_address>0x22e9c</run_address>
         <size>0x10</size>
         <input_file_ref idref="fl-4"/>
      </object_component>
      <object_component id="oc-3a">
         <name>.bss</name>
         <load_address>0x22eac</load_address>
         <run_address>0x22eac</run_address>
         <size>0xe</size>
         <input_file_ref idref="fl-8"/>
      </object_component>
      <object_component id="oc-14b">
         <name>.bss</name>
         <load_address>0x22ebc</load_address>
         <run_address>0x22ebc</run_address>
         <size>0xc</size>
         <input_file_ref idref="fl-5c"/>
      </object_component>
      <object_component id="oc-97">
         <name>.bss</name>
         <load_address>0x22ec8</load_address>
         <run_address>0x22ec8</run_address>
         <size>0x8</size>
         <input_file_ref idref="fl-31"/>
      </object_component>
      <object_component id="oc-62">
         <name>.bss</name>
         <load_address>0x22ed0</load_address>
         <run_address>0x22ed0</run_address>
         <size>0x8</size>
         <input_file_ref idref="fl-26"/>
      </object_component>
      <object_component id="oc-17b">
         <name>.bss</name>
         <load_address>0x22ed8</load_address>
         <run_address>0x22ed8</run_address>
         <size>0x6</size>
         <input_file_ref idref="fl-65"/>
      </object_component>
      <object_component id="oc-1b">
         <name>.bss</name>
         <load_address>0x22ede</load_address>
         <run_address>0x22ede</run_address>
         <size>0x4</size>
         <input_file_ref idref="fl-3"/>
      </object_component>
      <object_component id="oc-77">
         <name>.cinit</name>
         <load_address>0x25af8</load_address>
         <run_address>0x25af8</run_address>
         <size>0x5a</size>
         <input_file_ref idref="fl-2a"/>
      </object_component>
      <object_component id="oc-5b">
         <name>.cinit</name>
         <load_address>0x25b52</load_address>
         <run_address>0x25b52</run_address>
         <size>0x54</size>
         <input_file_ref idref="fl-24"/>
      </object_component>
      <object_component id="oc-14">
         <name>.cinit</name>
         <load_address>0x25ba6</load_address>
         <run_address>0x25ba6</run_address>
         <size>0x30</size>
         <input_file_ref idref="fl-2"/>
      </object_component>
      <object_component id="oc-99">
         <name>.cinit</name>
         <load_address>0x25bd6</load_address>
         <run_address>0x25bd6</run_address>
         <size>0x14</size>
         <input_file_ref idref="fl-31"/>
      </object_component>
      <object_component id="oc-64">
         <name>.cinit</name>
         <load_address>0x25bea</load_address>
         <run_address>0x25bea</run_address>
         <size>0x14</size>
         <input_file_ref idref="fl-26"/>
      </object_component>
      <object_component id="oc-3c">
         <name>.cinit</name>
         <load_address>0x25bfe</load_address>
         <run_address>0x25bfe</run_address>
         <size>0x12</size>
         <input_file_ref idref="fl-8"/>
      </object_component>
      <object_component id="oc-16c">
         <name>.cinit</name>
         <load_address>0x25c10</load_address>
         <run_address>0x25c10</run_address>
         <size>0x10</size>
         <input_file_ref idref="fl-62"/>
      </object_component>
      <object_component id="oc-23">
         <name>.cinit</name>
         <load_address>0x25c20</load_address>
         <run_address>0x25c20</run_address>
         <size>0xc</size>
         <input_file_ref idref="fl-4"/>
      </object_component>
      <object_component id="oc-4b">
         <name>.cinit</name>
         <load_address>0x25c2c</load_address>
         <run_address>0x25c2c</run_address>
         <size>0x8</size>
         <input_file_ref idref="fl-a"/>
      </object_component>
      <object_component id="oc-136">
         <name>.cinit</name>
         <load_address>0x25c34</load_address>
         <run_address>0x25c34</run_address>
         <size>0x8</size>
         <input_file_ref idref="fl-57"/>
      </object_component>
      <object_component id="oc-13b">
         <name>.cinit</name>
         <load_address>0x25c3c</load_address>
         <run_address>0x25c3c</run_address>
         <size>0x8</size>
         <input_file_ref idref="fl-58"/>
      </object_component>
      <object_component id="oc-14d">
         <name>.cinit</name>
         <load_address>0x25c44</load_address>
         <run_address>0x25c44</run_address>
         <size>0x8</size>
         <input_file_ref idref="fl-5c"/>
      </object_component>
      <object_component id="oc-18c">
         <name>.const:__ctypes_</name>
         <load_address>0x24ee4</load_address>
         <run_address>0x24ee4</run_address>
         <size>0x202</size>
         <input_file_ref idref="fl-38"/>
      </object_component>
      <object_component id="oc-4c">
         <name>.const:.string</name>
         <load_address>0x250e8</load_address>
         <run_address>0x250e8</run_address>
         <size>0x192</size>
         <input_file_ref idref="fl-a"/>
      </object_component>
      <object_component id="oc-35">
         <name>.const:.string</name>
         <load_address>0x2527c</load_address>
         <run_address>0x2527c</run_address>
         <size>0x13e</size>
         <input_file_ref idref="fl-7"/>
      </object_component>
      <object_component id="oc-3e">
         <name>.const:.string</name>
         <load_address>0x253bc</load_address>
         <run_address>0x253bc</run_address>
         <size>0x136</size>
         <input_file_ref idref="fl-8"/>
      </object_component>
      <object_component id="oc-25">
         <name>.const:.string</name>
         <load_address>0x254f4</load_address>
         <run_address>0x254f4</run_address>
         <size>0x106</size>
         <input_file_ref idref="fl-4"/>
      </object_component>
      <object_component id="oc-16">
         <name>.const:.string</name>
         <load_address>0x255fc</load_address>
         <run_address>0x255fc</run_address>
         <size>0xfe</size>
         <input_file_ref idref="fl-2"/>
      </object_component>
      <object_component id="oc-44">
         <name>.const:.string</name>
         <load_address>0x256fc</load_address>
         <run_address>0x256fc</run_address>
         <size>0x56</size>
         <input_file_ref idref="fl-9"/>
      </object_component>
      <object_component id="oc-9f">
         <name>.const:.string</name>
         <load_address>0x25754</load_address>
         <run_address>0x25754</run_address>
         <size>0x48</size>
         <input_file_ref idref="fl-32"/>
      </object_component>
      <object_component id="oc-18b">
         <name>.const:_FIR_LPF</name>
         <load_address>0x2579c</load_address>
         <run_address>0x2579c</run_address>
         <size>0x2c</size>
         <input_file_ref idref="fl-3"/>
      </object_component>
      <object_component id="oc-190">
         <name>.const:_digits</name>
         <load_address>0x257c8</load_address>
         <run_address>0x257c8</run_address>
         <size>0x28</size>
         <input_file_ref idref="fl-4b"/>
      </object_component>
      <object_component id="oc-192">
         <name>.const:_digits</name>
         <load_address>0x257f0</load_address>
         <run_address>0x257f0</run_address>
         <size>0x28</size>
         <input_file_ref idref="fl-4d"/>
      </object_component>
      <object_component id="oc-191">
         <name>.const:_powerof10</name>
         <load_address>0x25818</load_address>
         <run_address>0x25818</run_address>
         <size>0x18</size>
         <input_file_ref idref="fl-4b"/>
      </object_component>
      <object_component id="oc-193">
         <name>.const:_powerof10</name>
         <load_address>0x25830</load_address>
         <run_address>0x25830</run_address>
         <size>0x18</size>
         <input_file_ref idref="fl-4d"/>
      </object_component>
      <object_component id="oc-9e">
         <name>.const</name>
         <load_address>0x25848</load_address>
         <run_address>0x25848</run_address>
         <size>0x18</size>
         <input_file_ref idref="fl-32"/>
      </object_component>
      <object_component id="oc-18f">
         <name>.const:_initial_approx$1</name>
         <load_address>0x25860</load_address>
         <run_address>0x25860</run_address>
         <size>0x10</size>
         <input_file_ref idref="fl-39"/>
      </object_component>
      <object_component id="oc-104">
         <name>.const</name>
         <load_address>0x25870</load_address>
         <run_address>0x25870</run_address>
         <size>0x10</size>
         <input_file_ref idref="fl-4b"/>
      </object_component>
      <object_component id="oc-10d">
         <name>.const</name>
         <load_address>0x25880</load_address>
         <run_address>0x25880</run_address>
         <size>0x10</size>
         <input_file_ref idref="fl-4d"/>
      </object_component>
      <object_component id="oc-18d">
         <name>.const:_flit$1</name>
         <load_address>0x25890</load_address>
         <run_address>0x25890</run_address>
         <size>0xe</size>
         <input_file_ref idref="fl-33"/>
      </object_component>
      <object_component id="oc-18e">
         <name>.const:_barr$2</name>
         <load_address>0x2589e</load_address>
         <run_address>0x2589e</run_address>
         <size>0xc</size>
         <input_file_ref idref="fl-33"/>
      </object_component>
      <object_component id="oc-d3">
         <name>.const:.string</name>
         <load_address>0x258ac</load_address>
         <run_address>0x258ac</run_address>
         <size>0x4</size>
         <input_file_ref idref="fl-3f"/>
      </object_component>
      <object_component id="oc-ca">
         <name>.const</name>
         <load_address>0x258b0</load_address>
         <run_address>0x258b0</run_address>
         <size>0x4</size>
         <input_file_ref idref="fl-3d"/>
      </object_component>
      <object_component id="oc-14e">
         <name>.sysmem</name>
         <uninitialized>true</uninitialized>
         <run_address>0x1ceb0</run_address>
         <size>0x0</size>
         <input_file_ref idref="fl-5c"/>
      </object_component>
      <object_component id="oc-1b0">
         <name>.sysmem</name>
         <uninitialized>true</uninitialized>
         <run_address>0x1ceb0</run_address>
         <size>0x0</size>
      </object_component>
      <object_component id="oc-85">
         <name>.cio</name>
         <uninitialized>true</uninitialized>
         <run_address>0x258b8</run_address>
         <size>0x240</size>
         <input_file_ref idref="fl-2d"/>
      </object_component>
      <object_component id="oc-194">
         <name>.switch:_DMA_config</name>
         <load_address>0x25c50</load_address>
         <run_address>0x25c50</run_address>
         <size>0x40</size>
         <input_file_ref idref="fl-5f"/>
      </object_component>
      <object_component id="oc-195">
         <name>.switch:_DMA_getConfig</name>
         <load_address>0x25c90</load_address>
         <run_address>0x25c90</run_address>
         <size>0x40</size>
         <input_file_ref idref="fl-5f"/>
      </object_component>
      <object_component id="oc-196">
         <name>.switch:_DMA_reset</name>
         <load_address>0x25cd0</load_address>
         <run_address>0x25cd0</run_address>
         <size>0x40</size>
         <input_file_ref idref="fl-5f"/>
      </object_component>
      <object_component id="oc-197">
         <name>.switch:_SYS_setEBSR</name>
         <load_address>0x25d10</load_address>
         <run_address>0x25d10</run_address>
         <size>0x24</size>
         <input_file_ref idref="fl-65"/>
      </object_component>
      <object_component id="oc-13">
         <name>.debug_info</name>
         <load_address>0x0</load_address>
         <run_address>0x0</run_address>
         <size>0x23b0</size>
         <input_file_ref idref="fl-2"/>
      </object_component>
      <object_component id="oc-1c">
         <name>.debug_info</name>
         <load_address>0x23b0</load_address>
         <run_address>0x23b0</run_address>
         <size>0x9c3</size>
         <input_file_ref idref="fl-3"/>
      </object_component>
      <object_component id="oc-22">
         <name>.debug_info</name>
         <load_address>0x2d73</load_address>
         <run_address>0x2d73</run_address>
         <size>0x181c</size>
         <input_file_ref idref="fl-4"/>
      </object_component>
      <object_component id="oc-2a">
         <name>.debug_info</name>
         <load_address>0x458f</load_address>
         <run_address>0x458f</run_address>
         <size>0x929</size>
         <input_file_ref idref="fl-5"/>
      </object_component>
      <object_component id="oc-2f">
         <name>.debug_info</name>
         <load_address>0x4eb8</load_address>
         <run_address>0x4eb8</run_address>
         <size>0x7ca</size>
         <input_file_ref idref="fl-6"/>
      </object_component>
      <object_component id="oc-34">
         <name>.debug_info</name>
         <load_address>0x5682</load_address>
         <run_address>0x5682</run_address>
         <size>0xee6</size>
         <input_file_ref idref="fl-7"/>
      </object_component>
      <object_component id="oc-3b">
         <name>.debug_info</name>
         <load_address>0x6568</load_address>
         <run_address>0x6568</run_address>
         <size>0x3101</size>
         <input_file_ref idref="fl-8"/>
      </object_component>
      <object_component id="oc-43">
         <name>.debug_info</name>
         <load_address>0x9669</load_address>
         <run_address>0x9669</run_address>
         <size>0xaa0</size>
         <input_file_ref idref="fl-9"/>
      </object_component>
      <object_component id="oc-4a">
         <name>.debug_info</name>
         <load_address>0xa109</load_address>
         <run_address>0xa109</run_address>
         <size>0x2401</size>
         <input_file_ref idref="fl-a"/>
      </object_component>
      <object_component id="oc-51">
         <name>.debug_info</name>
         <load_address>0xc50a</load_address>
         <run_address>0xc50a</run_address>
         <size>0xfc7</size>
         <input_file_ref idref="fl-b"/>
      </object_component>
      <object_component id="oc-56">
         <name>.debug_info</name>
         <load_address>0xd4d1</load_address>
         <run_address>0xd4d1</run_address>
         <size>0xe8</size>
         <input_file_ref idref="fl-23"/>
      </object_component>
      <object_component id="oc-5a">
         <name>.debug_info</name>
         <load_address>0xd5b9</load_address>
         <run_address>0xd5b9</run_address>
         <size>0x57e</size>
         <input_file_ref idref="fl-24"/>
      </object_component>
      <object_component id="oc-5e">
         <name>.debug_info</name>
         <load_address>0xdb37</load_address>
         <run_address>0xdb37</run_address>
         <size>0x534</size>
         <input_file_ref idref="fl-25"/>
      </object_component>
      <object_component id="oc-63">
         <name>.debug_info</name>
         <load_address>0xe06b</load_address>
         <run_address>0xe06b</run_address>
         <size>0x5fb</size>
         <input_file_ref idref="fl-26"/>
      </object_component>
      <object_component id="oc-69">
         <name>.debug_info</name>
         <load_address>0xe666</load_address>
         <run_address>0xe666</run_address>
         <size>0x706</size>
         <input_file_ref idref="fl-27"/>
      </object_component>
      <object_component id="oc-6d">
         <name>.debug_info</name>
         <load_address>0xed6c</load_address>
         <run_address>0xed6c</run_address>
         <size>0xa2d</size>
         <input_file_ref idref="fl-28"/>
      </object_component>
      <object_component id="oc-71">
         <name>.debug_info</name>
         <load_address>0xf799</load_address>
         <run_address>0xf799</run_address>
         <size>0xbd</size>
         <input_file_ref idref="fl-29"/>
      </object_component>
      <object_component id="oc-76">
         <name>.debug_info</name>
         <load_address>0xf856</load_address>
         <run_address>0xf856</run_address>
         <size>0x144b</size>
         <input_file_ref idref="fl-2a"/>
      </object_component>
      <object_component id="oc-7b">
         <name>.debug_info</name>
         <load_address>0x10ca1</load_address>
         <run_address>0x10ca1</run_address>
         <size>0x76c</size>
         <input_file_ref idref="fl-2b"/>
      </object_component>
      <object_component id="oc-80">
         <name>.debug_info</name>
         <load_address>0x1140d</load_address>
         <run_address>0x1140d</run_address>
         <size>0xed4</size>
         <input_file_ref idref="fl-2c"/>
      </object_component>
      <object_component id="oc-84">
         <name>.debug_info</name>
         <load_address>0x122e1</load_address>
         <run_address>0x122e1</run_address>
         <size>0x744</size>
         <input_file_ref idref="fl-2d"/>
      </object_component>
      <object_component id="oc-8a">
         <name>.debug_info</name>
         <load_address>0x12a25</load_address>
         <run_address>0x12a25</run_address>
         <size>0x5c9</size>
         <input_file_ref idref="fl-2e"/>
      </object_component>
      <object_component id="oc-8f">
         <name>.debug_info</name>
         <load_address>0x12fee</load_address>
         <run_address>0x12fee</run_address>
         <size>0xbc</size>
         <input_file_ref idref="fl-2f"/>
      </object_component>
      <object_component id="oc-93">
         <name>.debug_info</name>
         <load_address>0x130aa</load_address>
         <run_address>0x130aa</run_address>
         <size>0x6dc</size>
         <input_file_ref idref="fl-30"/>
      </object_component>
      <object_component id="oc-98">
         <name>.debug_info</name>
         <load_address>0x13786</load_address>
         <run_address>0x13786</run_address>
         <size>0x5bc</size>
         <input_file_ref idref="fl-31"/>
      </object_component>
      <object_component id="oc-9d">
         <name>.debug_info</name>
         <load_address>0x13d42</load_address>
         <run_address>0x13d42</run_address>
         <size>0x27bd</size>
         <input_file_ref idref="fl-32"/>
      </object_component>
      <object_component id="oc-a3">
         <name>.debug_info</name>
         <load_address>0x164ff</load_address>
         <run_address>0x164ff</run_address>
         <size>0x1964</size>
         <input_file_ref idref="fl-33"/>
      </object_component>
      <object_component id="oc-a7">
         <name>.debug_info</name>
         <load_address>0x17e63</load_address>
         <run_address>0x17e63</run_address>
         <size>0x586</size>
         <input_file_ref idref="fl-34"/>
      </object_component>
      <object_component id="oc-ab">
         <name>.debug_info</name>
         <load_address>0x183e9</load_address>
         <run_address>0x183e9</run_address>
         <size>0x5a4</size>
         <input_file_ref idref="fl-35"/>
      </object_component>
      <object_component id="oc-af">
         <name>.debug_info</name>
         <load_address>0x1898d</load_address>
         <run_address>0x1898d</run_address>
         <size>0xcd</size>
         <input_file_ref idref="fl-36"/>
      </object_component>
      <object_component id="oc-b3">
         <name>.debug_info</name>
         <load_address>0x18a5a</load_address>
         <run_address>0x18a5a</run_address>
         <size>0x81f</size>
         <input_file_ref idref="fl-37"/>
      </object_component>
      <object_component id="oc-b6">
         <name>.debug_info</name>
         <load_address>0x19279</load_address>
         <run_address>0x19279</run_address>
         <size>0x498</size>
         <input_file_ref idref="fl-38"/>
      </object_component>
      <object_component id="oc-b9">
         <name>.debug_info</name>
         <load_address>0x19711</load_address>
         <run_address>0x19711</run_address>
         <size>0x7e8</size>
         <input_file_ref idref="fl-39"/>
      </object_component>
      <object_component id="oc-bd">
         <name>.debug_info</name>
         <load_address>0x19ef9</load_address>
         <run_address>0x19ef9</run_address>
         <size>0x670</size>
         <input_file_ref idref="fl-3a"/>
      </object_component>
      <object_component id="oc-c1">
         <name>.debug_info</name>
         <load_address>0x1a569</load_address>
         <run_address>0x1a569</run_address>
         <size>0x4cf</size>
         <input_file_ref idref="fl-3b"/>
      </object_component>
      <object_component id="oc-c5">
         <name>.debug_info</name>
         <load_address>0x1aa38</load_address>
         <run_address>0x1aa38</run_address>
         <size>0x534</size>
         <input_file_ref idref="fl-3c"/>
      </object_component>
      <object_component id="oc-c9">
         <name>.debug_info</name>
         <load_address>0x1af6c</load_address>
         <run_address>0x1af6c</run_address>
         <size>0x549</size>
         <input_file_ref idref="fl-3d"/>
      </object_component>
      <object_component id="oc-ce">
         <name>.debug_info</name>
         <load_address>0x1b4b5</load_address>
         <run_address>0x1b4b5</run_address>
         <size>0x6aa</size>
         <input_file_ref idref="fl-3e"/>
      </object_component>
      <object_component id="oc-d2">
         <name>.debug_info</name>
         <load_address>0x1bb5f</load_address>
         <run_address>0x1bb5f</run_address>
         <size>0x942</size>
         <input_file_ref idref="fl-3f"/>
      </object_component>
      <object_component id="oc-d7">
         <name>.debug_info</name>
         <load_address>0x1c4a1</load_address>
         <run_address>0x1c4a1</run_address>
         <size>0x53e</size>
         <input_file_ref idref="fl-40"/>
      </object_component>
      <object_component id="oc-db">
         <name>.debug_info</name>
         <load_address>0x1c9df</load_address>
         <run_address>0x1c9df</run_address>
         <size>0x680</size>
         <input_file_ref idref="fl-41"/>
      </object_component>
      <object_component id="oc-df">
         <name>.debug_info</name>
         <load_address>0x1d05f</load_address>
         <run_address>0x1d05f</run_address>
         <size>0x7d4</size>
         <input_file_ref idref="fl-42"/>
      </object_component>
      <object_component id="oc-e3">
         <name>.debug_info</name>
         <load_address>0x1d833</load_address>
         <run_address>0x1d833</run_address>
         <size>0x5ad</size>
         <input_file_ref idref="fl-43"/>
      </object_component>
      <object_component id="oc-e7">
         <name>.debug_info</name>
         <load_address>0x1dde0</load_address>
         <run_address>0x1dde0</run_address>
         <size>0x574</size>
         <input_file_ref idref="fl-44"/>
      </object_component>
      <object_component id="oc-eb">
         <name>.debug_info</name>
         <load_address>0x1e354</load_address>
         <run_address>0x1e354</run_address>
         <size>0xd1</size>
         <input_file_ref idref="fl-45"/>
      </object_component>
      <object_component id="oc-ef">
         <name>.debug_info</name>
         <load_address>0x1e425</load_address>
         <run_address>0x1e425</run_address>
         <size>0x55b</size>
         <input_file_ref idref="fl-46"/>
      </object_component>
      <object_component id="oc-f3">
         <name>.debug_info</name>
         <load_address>0x1e980</load_address>
         <run_address>0x1e980</run_address>
         <size>0x4b7</size>
         <input_file_ref idref="fl-47"/>
      </object_component>
      <object_component id="oc-f7">
         <name>.debug_info</name>
         <load_address>0x1ee37</load_address>
         <run_address>0x1ee37</run_address>
         <size>0x4f2</size>
         <input_file_ref idref="fl-48"/>
      </object_component>
      <object_component id="oc-fb">
         <name>.debug_info</name>
         <load_address>0x1f329</load_address>
         <run_address>0x1f329</run_address>
         <size>0x534</size>
         <input_file_ref idref="fl-49"/>
      </object_component>
      <object_component id="oc-ff">
         <name>.debug_info</name>
         <load_address>0x1f85d</load_address>
         <run_address>0x1f85d</run_address>
         <size>0x64a</size>
         <input_file_ref idref="fl-4a"/>
      </object_component>
      <object_component id="oc-103">
         <name>.debug_info</name>
         <load_address>0x1fea7</load_address>
         <run_address>0x1fea7</run_address>
         <size>0x84f</size>
         <input_file_ref idref="fl-4b"/>
      </object_component>
      <object_component id="oc-108">
         <name>.debug_info</name>
         <load_address>0x206f6</load_address>
         <run_address>0x206f6</run_address>
         <size>0x671</size>
         <input_file_ref idref="fl-4c"/>
      </object_component>
      <object_component id="oc-10c">
         <name>.debug_info</name>
         <load_address>0x20d67</load_address>
         <run_address>0x20d67</run_address>
         <size>0x860</size>
         <input_file_ref idref="fl-4d"/>
      </object_component>
      <object_component id="oc-111">
         <name>.debug_info</name>
         <load_address>0x215c7</load_address>
         <run_address>0x215c7</run_address>
         <size>0x67d</size>
         <input_file_ref idref="fl-4e"/>
      </object_component>
      <object_component id="oc-115">
         <name>.debug_info</name>
         <load_address>0x21c44</load_address>
         <run_address>0x21c44</run_address>
         <size>0x65a</size>
         <input_file_ref idref="fl-4f"/>
      </object_component>
      <object_component id="oc-119">
         <name>.debug_info</name>
         <load_address>0x2229e</load_address>
         <run_address>0x2229e</run_address>
         <size>0x665</size>
         <input_file_ref idref="fl-50"/>
      </object_component>
      <object_component id="oc-11d">
         <name>.debug_info</name>
         <load_address>0x22903</load_address>
         <run_address>0x22903</run_address>
         <size>0x4de</size>
         <input_file_ref idref="fl-51"/>
      </object_component>
      <object_component id="oc-121">
         <name>.debug_info</name>
         <load_address>0x22de1</load_address>
         <run_address>0x22de1</run_address>
         <size>0xef</size>
         <input_file_ref idref="fl-52"/>
      </object_component>
      <object_component id="oc-125">
         <name>.debug_info</name>
         <load_address>0x22ed0</load_address>
         <run_address>0x22ed0</run_address>
         <size>0x6b8</size>
         <input_file_ref idref="fl-53"/>
      </object_component>
      <object_component id="oc-129">
         <name>.debug_info</name>
         <load_address>0x23588</load_address>
         <run_address>0x23588</run_address>
         <size>0x662</size>
         <input_file_ref idref="fl-54"/>
      </object_component>
      <object_component id="oc-12d">
         <name>.debug_info</name>
         <load_address>0x23bea</load_address>
         <run_address>0x23bea</run_address>
         <size>0x5ab</size>
         <input_file_ref idref="fl-55"/>
      </object_component>
      <object_component id="oc-131">
         <name>.debug_info</name>
         <load_address>0x24195</load_address>
         <run_address>0x24195</run_address>
         <size>0x4f2</size>
         <input_file_ref idref="fl-56"/>
      </object_component>
      <object_component id="oc-135">
         <name>.debug_info</name>
         <load_address>0x24687</load_address>
         <run_address>0x24687</run_address>
         <size>0x47b</size>
         <input_file_ref idref="fl-57"/>
      </object_component>
      <object_component id="oc-13a">
         <name>.debug_info</name>
         <load_address>0x24b02</load_address>
         <run_address>0x24b02</run_address>
         <size>0xa1c</size>
         <input_file_ref idref="fl-58"/>
      </object_component>
      <object_component id="oc-13f">
         <name>.debug_info</name>
         <load_address>0x2551e</load_address>
         <run_address>0x2551e</run_address>
         <size>0x4d2</size>
         <input_file_ref idref="fl-59"/>
      </object_component>
      <object_component id="oc-143">
         <name>.debug_info</name>
         <load_address>0x259f0</load_address>
         <run_address>0x259f0</run_address>
         <size>0x5f7</size>
         <input_file_ref idref="fl-5a"/>
      </object_component>
      <object_component id="oc-147">
         <name>.debug_info</name>
         <load_address>0x25fe7</load_address>
         <run_address>0x25fe7</run_address>
         <size>0xeb</size>
         <input_file_ref idref="fl-5b"/>
      </object_component>
      <object_component id="oc-14c">
         <name>.debug_info</name>
         <load_address>0x260d2</load_address>
         <run_address>0x260d2</run_address>
         <size>0xb97</size>
         <input_file_ref idref="fl-5c"/>
      </object_component>
      <object_component id="oc-152">
         <name>.debug_info</name>
         <load_address>0x26c69</load_address>
         <run_address>0x26c69</run_address>
         <size>0x64f</size>
         <input_file_ref idref="fl-5d"/>
      </object_component>
      <object_component id="oc-156">
         <name>.debug_info</name>
         <load_address>0x272b8</load_address>
         <run_address>0x272b8</run_address>
         <size>0x510</size>
         <input_file_ref idref="fl-5e"/>
      </object_component>
      <object_component id="oc-15a">
         <name>.debug_info</name>
         <load_address>0x277c8</load_address>
         <run_address>0x277c8</run_address>
         <size>0x2674</size>
         <input_file_ref idref="fl-5f"/>
      </object_component>
      <object_component id="oc-15f">
         <name>.debug_info</name>
         <load_address>0x29e3c</load_address>
         <run_address>0x29e3c</run_address>
         <size>0x170d</size>
         <input_file_ref idref="fl-60"/>
      </object_component>
      <object_component id="oc-165">
         <name>.debug_info</name>
         <load_address>0x2b549</load_address>
         <run_address>0x2b549</run_address>
         <size>0x27ea</size>
         <input_file_ref idref="fl-61"/>
      </object_component>
      <object_component id="oc-16b">
         <name>.debug_info</name>
         <load_address>0x2dd33</load_address>
         <run_address>0x2dd33</run_address>
         <size>0x21c3</size>
         <input_file_ref idref="fl-62"/>
      </object_component>
      <object_component id="oc-172">
         <name>.debug_info</name>
         <load_address>0x2fef6</load_address>
         <run_address>0x2fef6</run_address>
         <size>0x1946</size>
         <input_file_ref idref="fl-63"/>
      </object_component>
      <object_component id="oc-177">
         <name>.debug_info</name>
         <load_address>0x3183c</load_address>
         <run_address>0x3183c</run_address>
         <size>0x15a</size>
         <input_file_ref idref="fl-64"/>
      </object_component>
      <object_component id="oc-17c">
         <name>.debug_info</name>
         <load_address>0x31996</load_address>
         <run_address>0x31996</run_address>
         <size>0xfef</size>
         <input_file_ref idref="fl-65"/>
      </object_component>
      <object_component id="oc-181">
         <name>.debug_info</name>
         <load_address>0x32985</load_address>
         <run_address>0x32985</run_address>
         <size>0x3460</size>
         <input_file_ref idref="fl-66"/>
      </object_component>
      <object_component id="oc-187">
         <name>.debug_info</name>
         <load_address>0x35de5</load_address>
         <run_address>0x35de5</run_address>
         <size>0x15e</size>
         <input_file_ref idref="fl-67"/>
      </object_component>
      <object_component id="oc-1b3">
         <name>.debug_info</name>
         <load_address>0x35f43</load_address>
         <run_address>0x35f43</run_address>
         <size>0x6e</size>
      </object_component>
      <object_component id="oc-17">
         <name>.debug_frame</name>
         <load_address>0x0</load_address>
         <run_address>0x0</run_address>
         <size>0x2c8</size>
         <input_file_ref idref="fl-2"/>
      </object_component>
      <object_component id="oc-1d">
         <name>.debug_frame</name>
         <load_address>0x2c8</load_address>
         <run_address>0x2c8</run_address>
         <size>0x12d</size>
         <input_file_ref idref="fl-3"/>
      </object_component>
      <object_component id="oc-26">
         <name>.debug_frame</name>
         <load_address>0x3f5</load_address>
         <run_address>0x3f5</run_address>
         <size>0x281</size>
         <input_file_ref idref="fl-4"/>
      </object_component>
      <object_component id="oc-2b">
         <name>.debug_frame</name>
         <load_address>0x676</load_address>
         <run_address>0x676</run_address>
         <size>0xe6</size>
         <input_file_ref idref="fl-5"/>
      </object_component>
      <object_component id="oc-30">
         <name>.debug_frame</name>
         <load_address>0x75c</load_address>
         <run_address>0x75c</run_address>
         <size>0x100</size>
         <input_file_ref idref="fl-6"/>
      </object_component>
      <object_component id="oc-36">
         <name>.debug_frame</name>
         <load_address>0x85c</load_address>
         <run_address>0x85c</run_address>
         <size>0xe5</size>
         <input_file_ref idref="fl-7"/>
      </object_component>
      <object_component id="oc-3f">
         <name>.debug_frame</name>
         <load_address>0x941</load_address>
         <run_address>0x941</run_address>
         <size>0x331</size>
         <input_file_ref idref="fl-8"/>
      </object_component>
      <object_component id="oc-45">
         <name>.debug_frame</name>
         <load_address>0xc72</load_address>
         <run_address>0xc72</run_address>
         <size>0x100</size>
         <input_file_ref idref="fl-9"/>
      </object_component>
      <object_component id="oc-4d">
         <name>.debug_frame</name>
         <load_address>0xd72</load_address>
         <run_address>0xd72</run_address>
         <size>0x201</size>
         <input_file_ref idref="fl-a"/>
      </object_component>
      <object_component id="oc-52">
         <name>.debug_frame</name>
         <load_address>0xf73</load_address>
         <run_address>0xf73</run_address>
         <size>0xfa</size>
         <input_file_ref idref="fl-b"/>
      </object_component>
      <object_component id="oc-15b">
         <name>.debug_frame</name>
         <load_address>0x106d</load_address>
         <run_address>0x106d</run_address>
         <size>0x1e6</size>
         <input_file_ref idref="fl-5f"/>
      </object_component>
      <object_component id="oc-160">
         <name>.debug_frame</name>
         <load_address>0x1253</load_address>
         <run_address>0x1253</run_address>
         <size>0x224</size>
         <input_file_ref idref="fl-60"/>
      </object_component>
      <object_component id="oc-166">
         <name>.debug_frame</name>
         <load_address>0x1477</load_address>
         <run_address>0x1477</run_address>
         <size>0x1ef</size>
         <input_file_ref idref="fl-61"/>
      </object_component>
      <object_component id="oc-16d">
         <name>.debug_frame</name>
         <load_address>0x1666</load_address>
         <run_address>0x1666</run_address>
         <size>0x196</size>
         <input_file_ref idref="fl-62"/>
      </object_component>
      <object_component id="oc-173">
         <name>.debug_frame</name>
         <load_address>0x17fc</load_address>
         <run_address>0x17fc</run_address>
         <size>0x2a1</size>
         <input_file_ref idref="fl-63"/>
      </object_component>
      <object_component id="oc-17d">
         <name>.debug_frame</name>
         <load_address>0x1a9d</load_address>
         <run_address>0x1a9d</run_address>
         <size>0x11f</size>
         <input_file_ref idref="fl-65"/>
      </object_component>
      <object_component id="oc-182">
         <name>.debug_frame</name>
         <load_address>0x1bbc</load_address>
         <run_address>0x1bbc</run_address>
         <size>0x30e</size>
         <input_file_ref idref="fl-66"/>
      </object_component>
      <object_component id="oc-18">
         <name>.debug_line</name>
         <load_address>0x0</load_address>
         <run_address>0x0</run_address>
         <size>0x2ca</size>
         <input_file_ref idref="fl-2"/>
      </object_component>
      <object_component id="oc-1e">
         <name>.debug_line</name>
         <load_address>0x2ca</load_address>
         <run_address>0x2ca</run_address>
         <size>0xc6</size>
         <input_file_ref idref="fl-3"/>
      </object_component>
      <object_component id="oc-27">
         <name>.debug_line</name>
         <load_address>0x390</load_address>
         <run_address>0x390</run_address>
         <size>0xdf</size>
         <input_file_ref idref="fl-4"/>
      </object_component>
      <object_component id="oc-2c">
         <name>.debug_line</name>
         <load_address>0x46f</load_address>
         <run_address>0x46f</run_address>
         <size>0x6c</size>
         <input_file_ref idref="fl-5"/>
      </object_component>
      <object_component id="oc-31">
         <name>.debug_line</name>
         <load_address>0x4db</load_address>
         <run_address>0x4db</run_address>
         <size>0x6a</size>
         <input_file_ref idref="fl-6"/>
      </object_component>
      <object_component id="oc-37">
         <name>.debug_line</name>
         <load_address>0x545</load_address>
         <run_address>0x545</run_address>
         <size>0x5b</size>
         <input_file_ref idref="fl-7"/>
      </object_component>
      <object_component id="oc-40">
         <name>.debug_line</name>
         <load_address>0x5a0</load_address>
         <run_address>0x5a0</run_address>
         <size>0x1fa</size>
         <input_file_ref idref="fl-8"/>
      </object_component>
      <object_component id="oc-46">
         <name>.debug_line</name>
         <load_address>0x79a</load_address>
         <run_address>0x79a</run_address>
         <size>0xae</size>
         <input_file_ref idref="fl-9"/>
      </object_component>
      <object_component id="oc-4e">
         <name>.debug_line</name>
         <load_address>0x848</load_address>
         <run_address>0x848</run_address>
         <size>0x2b4</size>
         <input_file_ref idref="fl-a"/>
      </object_component>
      <object_component id="oc-53">
         <name>.debug_line</name>
         <load_address>0xafc</load_address>
         <run_address>0xafc</run_address>
         <size>0xca</size>
[...]
         <object_component_ref idref="oc-ee"/>
      </symbol>
      <symbol id="sm-3a5">
         <name>__negd</name>
         <value>0x1ce8c</value>
         <object_component_ref idref="oc-f2"/>
      </symbol>
      <symbol id="sm-3af">
         <name>__remli</name>
         <value>0x1cc42</value>
         <object_component_ref idref="oc-f6"/>
      </symbol>
      <symbol id="sm-3ba">
         <name>__remul</name>
         <value>0x1c6e7</value>
         <object_component_ref idref="oc-fa"/>
      </symbol>
      <symbol id="sm-3c4">
         <name>_setvbuf</name>
         <value>0x1bd83</value>
         <object_component_ref idref="oc-fe"/>
      </symbol>
      <symbol id="sm-3d4">
         <name>_strtod</name>
         <value>0x19655</value>
         <object_component_ref idref="oc-102"/>
      </symbol>
      <symbol id="sm-3de">
         <name>_strtol</name>
         <value>0x1ae14</value>
         <object_component_ref idref="oc-107"/>
      </symbol>
      <symbol id="sm-3ee">
         <name>_strtold</name>
         <value>0x19912</value>
         <object_component_ref idref="oc-10b"/>
      </symbol>
      <symbol id="sm-3f8">
         <name>_strtoll</name>
         <value>0x19354</value>
         <object_component_ref idref="oc-110"/>
      </symbol>
      <symbol id="sm-402">
         <name>_strtoul</name>
         <value>0x1b206</value>
         <object_component_ref idref="oc-114"/>
      </symbol>
      <symbol id="sm-40c">
         <name>_strtoull</name>
         <value>0x1a793</value>
         <object_component_ref idref="oc-118"/>
      </symbol>
      <symbol id="sm-416">
         <name>__subd</name>
         <value>0x1ce53</value>
         <object_component_ref idref="oc-11c"/>
      </symbol>
      <symbol id="sm-41e">
         <name>__remu</name>
         <value>0x1ce01</value>
         <object_component_ref idref="oc-120"/>
      </symbol>
      <symbol id="sm-41f">
         <name>__divu</name>
         <value>0x1cdec</value>
         <object_component_ref idref="oc-120"/>
      </symbol>
      <symbol id="sm-420">
         <name>I$$UMOD</name>
         <value>0x1ce01</value>
         <object_component_ref idref="oc-120"/>
      </symbol>
      <symbol id="sm-421">
         <name>I$$UDIV</name>
         <value>0x1cdec</value>
         <object_component_ref idref="oc-120"/>
      </symbol>
      <symbol id="sm-42b">
         <name>__buff_read</name>
         <value>0x1c0c2</value>
         <object_component_ref idref="oc-124"/>
      </symbol>
      <symbol id="sm-435">
         <name>__rd_ok</name>
         <value>0x1bee9</value>
         <object_component_ref idref="oc-128"/>
      </symbol>
      <symbol id="sm-436">
         <name>__wrt_ok</name>
         <value>0x1be69</value>
         <object_component_ref idref="oc-128"/>
      </symbol>
      <symbol id="sm-440">
         <name>__addd</name>
         <value>0x1a2ec</value>
         <object_component_ref idref="oc-12c"/>
      </symbol>
      <symbol id="sm-44a">
         <name>__divli</name>
         <value>0x1cc8d</value>
         <object_component_ref idref="oc-130"/>
      </symbol>
      <symbol id="sm-454">
         <name>_errno</name>
         <value>0x228da</value>
         <object_component_ref idref="oc-134"/>
      </symbol>
      <symbol id="sm-463">
         <name>__cleanup</name>
         <value>0x19cd2</value>
         <object_component_ref idref="oc-138"/>
      </symbol>
      <symbol id="sm-464">
         <name>_fopen</name>
         <value>0x19df5</value>
         <object_component_ref idref="oc-138"/>
      </symbol>
      <symbol id="sm-465">
         <name>_freopen</name>
         <value>0x19d2c</value>
         <object_component_ref idref="oc-138"/>
      </symbol>
      <symbol id="sm-46f">
         <name>__frcmpyd</name>
         <value>0x1c5fe</value>
         <object_component_ref idref="oc-13e"/>
      </symbol>
      <symbol id="sm-479">
         <name>_fseek</name>
         <value>0x1c910</value>
         <object_component_ref idref="oc-142"/>
      </symbol>
      <symbol id="sm-481">
         <name>__remi</name>
         <value>0x1cd71</value>
         <object_component_ref idref="oc-146"/>
      </symbol>
      <symbol id="sm-482">
         <name>__divi</name>
         <value>0x1cd52</value>
         <object_component_ref idref="oc-146"/>
      </symbol>
      <symbol id="sm-483">
         <name>I$$MOD</name>
         <value>0x1cd71</value>
         <object_component_ref idref="oc-146"/>
      </symbol>
      <symbol id="sm-484">
         <name>I$$DIV</name>
         <value>0x1cd52</value>
         <object_component_ref idref="oc-146"/>
      </symbol>
      <symbol id="sm-494">
         <name>__sys_memory</name>
         <value>0x1ceb0</value>
         <object_component_ref idref="oc-14e"/>
      </symbol>
      <symbol id="sm-495">
         <name>_chkheap</name>
         <value>0x18c34</value>
         <object_component_ref idref="oc-14a"/>
      </symbol>
      <symbol id="sm-496">
         <name>_realloc</name>
         <value>0x189d3</value>
         <object_component_ref idref="oc-14a"/>
      </symbol>
      <symbol id="sm-497">
         <name>_free_memory</name>
         <value>0x18bde</value>
         <object_component_ref idref="oc-14a"/>
      </symbol>
      <symbol id="sm-498">
         <name>_max_free</name>
         <value>0x18b84</value>
         <object_component_ref idref="oc-14a"/>
      </symbol>
      <symbol id="sm-499">
         <name>_free</name>
         <value>0x187ad</value>
         <object_component_ref idref="oc-14a"/>
      </symbol>
      <symbol id="sm-49a">
         <name>_calloc</name>
         <value>0x18c3c</value>
         <object_component_ref idref="oc-14a"/>
      </symbol>
      <symbol id="sm-49b">
         <name>_malloc</name>
         <value>0x188de</value>
         <object_component_ref idref="oc-14a"/>
      </symbol>
      <symbol id="sm-49c">
         <name>_minit</name>
         <value>0x18879</value>
         <object_component_ref idref="oc-14a"/>
      </symbol>
      <symbol id="sm-4a6">
         <name>_fclose</name>
         <value>0x1c583</value>
         <object_component_ref idref="oc-151"/>
      </symbol>
      <symbol id="sm-4b0">
         <name>_remove</name>
         <value>0x1ce9c</value>
         <object_component_ref idref="oc-155"/>
      </symbol>
      <symbol id="sm-596">
         <name>_DMA_init</name>
         <value>0x10000</value>
         <object_component_ref idref="oc-159"/>
      </symbol>
      <symbol id="sm-597">
         <name>_DMA_getConfig</name>
         <value>0x11216</value>
         <object_component_ref idref="oc-159"/>
      </symbol>
      <symbol id="sm-598">
         <name>_DMA_config</name>
         <value>0x10142</value>
         <object_component_ref idref="oc-159"/>
      </symbol>
      <symbol id="sm-599">
         <name>_DMA_swapWords</name>
         <value>0x11e2f</value>
         <object_component_ref idref="oc-159"/>
      </symbol>
      <symbol id="sm-59a">
         <name>_DMA_stop</name>
         <value>0x11a42</value>
         <object_component_ref idref="oc-159"/>
      </symbol>
      <symbol id="sm-59b">
         <name>_DMA_open</name>
         <value>0x10037</value>
         <object_component_ref idref="oc-159"/>
      </symbol>
      <symbol id="sm-59c">
         <name>_DMA_start</name>
         <value>0x11935</value>
         <object_component_ref idref="oc-159"/>
      </symbol>
      <symbol id="sm-59d">
         <name>_DMA_getLastTransferType</name>
         <value>0x11ea4</value>
         <object_component_ref idref="oc-159"/>
      </symbol>
      <symbol id="sm-59e">
         <name>_DMA_close</name>
         <value>0x10123</value>
         <object_component_ref idref="oc-159"/>
      </symbol>
      <symbol id="sm-59f">
         <name>_DMA_reset</name>
         <value>0x11b43</value>
         <object_component_ref idref="oc-159"/>
      </symbol>
      <symbol id="sm-5e4">
         <name>_GPIO_configBit</name>
         <value>0x16f49</value>
         <object_component_ref idref="oc-15e"/>
      </symbol>
      <symbol id="sm-5e5">
         <name>_GPIO_open</name>
         <value>0x16cae</value>
         <object_component_ref idref="oc-15e"/>
      </symbol>
      <symbol id="sm-5e6">
         <name>_GPIO_write</name>
         <value>0x16ea6</value>
         <object_component_ref idref="oc-15e"/>
      </symbol>
      <symbol id="sm-5e7">
         <name>_GPIO_config</name>
         <value>0x16d16</value>
         <object_component_ref idref="oc-15e"/>
      </symbol>
      <symbol id="sm-5e8">
         <name>_GPIO_clearInt</name>
         <value>0x17199</value>
         <object_component_ref idref="oc-15e"/>
      </symbol>
      <symbol id="sm-5e9">
         <name>_GPIO_disableInt</name>
         <value>0x17091</value>
         <object_component_ref idref="oc-15e"/>
      </symbol>
      <symbol id="sm-5ea">
         <name>_GPIO_getConfig</name>
         <value>0x16d9b</value>
         <object_component_ref idref="oc-15e"/>
      </symbol>
      <symbol id="sm-5eb">
         <name>_GPIO_enableInt</name>
         <value>0x1710f</value>
         <object_component_ref idref="oc-15e"/>
      </symbol>
      <symbol id="sm-5ec">
         <name>_GPIO_close</name>
         <value>0x16cf2</value>
         <object_component_ref idref="oc-15e"/>
      </symbol>
      <symbol id="sm-5ed">
         <name>_GPIO_read</name>
         <value>0x16e23</value>
         <object_component_ref idref="oc-15e"/>
      </symbol>
      <symbol id="sm-5ee">
         <name>_GPIO_reset</name>
         <value>0x172ac</value>
         <object_component_ref idref="oc-15e"/>
      </symbol>
      <symbol id="sm-5ef">
         <name>_GPIO_statusBit</name>
         <value>0x17225</value>
         <object_component_ref idref="oc-15e"/>
      </symbol>
      <symbol id="sm-695">
         <name>_I2C_eventEnable</name>
         <value>0x1601b</value>
         <object_component_ref idref="oc-163"/>
      </symbol>
      <symbol id="sm-696">
         <name>_i2cHandle</name>
         <value>0x22e98</value>
         <object_component_ref idref="oc-164"/>
      </symbol>
      <symbol id="sm-697">
         <name>_I2C_read</name>
         <value>0x15bb9</value>
         <object_component_ref idref="oc-163"/>
      </symbol>
      <symbol id="sm-698">
         <name>_I2C_write</name>
         <value>0x15966</value>
         <object_component_ref idref="oc-163"/>
      </symbol>
      <symbol id="sm-699">
         <name>_I2C_init</name>
         <value>0x15488</value>
         <object_component_ref idref="oc-163"/>
      </symbol>
      <symbol id="sm-69a">
         <name>_I2C_getEventId</name>
         <value>0x162fb</value>
         <object_component_ref idref="oc-163"/>
      </symbol>
      <symbol id="sm-69b">
         <name>_I2C_setCallback</name>
         <value>0x1626e</value>
         <object_component_ref idref="oc-163"/>
      </symbol>
      <symbol id="sm-69c">
         <name>_I2C_getConfig</name>
         <value>0x15696</value>
         <object_component_ref idref="oc-163"/>
      </symbol>
      <symbol id="sm-69d">
         <name>_gI2cObj</name>
         <value>0x22e78</value>
         <object_component_ref idref="oc-164"/>
      </symbol>
      <symbol id="sm-69e">
         <name>_I2C_setup</name>
         <value>0x1576c</value>
         <object_component_ref idref="oc-163"/>
      </symbol>
      <symbol id="sm-69f">
         <name>_I2C_config</name>
         <value>0x15531</value>
         <object_component_ref idref="oc-163"/>
      </symbol>
      <symbol id="sm-6a0">
         <name>_I2C_eventDisable</name>
         <value>0x1614f</value>
         <object_component_ref idref="oc-163"/>
      </symbol>
      <symbol id="sm-745">
         <name>_fsError</name>
         <value>0x22e72</value>
         <object_component_ref idref="oc-16a"/>
      </symbol>
      <symbol id="sm-746">
         <name>_I2S_read</name>
         <value>0x167a8</value>
         <object_component_ref idref="oc-169"/>
      </symbol>
      <symbol id="sm-747">
         <name>_I2S_setup</name>
         <value>0x16416</value>
         <object_component_ref idref="oc-169"/>
      </symbol>
      <symbol id="sm-748">
         <name>_I2S_reset</name>
         <value>0x16bb8</value>
         <object_component_ref idref="oc-169"/>
      </symbol>
      <symbol id="sm-749">
         <name>_I2S_write</name>
         <value>0x16a62</value>
         <object_component_ref idref="oc-169"/>
      </symbol>
      <symbol id="sm-74a">
         <name>_I2S_close</name>
         <value>0x166fd</value>
         <object_component_ref idref="oc-169"/>
      </symbol>
      <symbol id="sm-74b">
         <name>_ouError</name>
         <value>0x22e74</value>
         <object_component_ref idref="oc-16a"/>
      </symbol>
      <symbol id="sm-74c">
         <name>_I2S_open</name>
         <value>0x16317</value>
         <object_component_ref idref="oc-169"/>
      </symbol>
      <symbol id="sm-74d">
         <name>_I2S_transEnable</name>
         <value>0x16c63</value>
         <object_component_ref idref="oc-169"/>
      </symbol>
      <symbol id="sm-788">
         <name>_IRQ_restore</name>
         <value>0x180b4</value>
         <object_component_ref idref="oc-170"/>
      </symbol>
      <symbol id="sm-789">
         <name>_IRQ_getArg</name>
         <value>0x18124</value>
         <object_component_ref idref="oc-170"/>
      </symbol>
      <symbol id="sm-78a">
         <name>_IRQ_setArg</name>
         <value>0x18168</value>
         <object_component_ref idref="oc-170"/>
      </symbol>
      <symbol id="sm-78b">
         <name>_IRQ_getConfig</name>
         <value>0x17f16</value>
         <object_component_ref idref="oc-170"/>
      </symbol>
      <symbol id="sm-78c">
         <name>_IRQ_test</name>
         <value>0x181f6</value>
         <object_component_ref idref="oc-170"/>
      </symbol>
      <symbol id="sm-78d">
         <name>_IRQ_clear</name>
         <value>0x17e2e</value>
         <object_component_ref idref="oc-170"/>
      </symbol>
      <symbol id="sm-78e">
         <name>_IRQ_disable</name>
         <value>0x17f9e</value>
         <object_component_ref idref="oc-170"/>
      </symbol>
      <symbol id="sm-78f">
         <name>_IRQ_globalRestore</name>
         <value>0x1829a</value>
         <object_component_ref idref="oc-170"/>
      </symbol>
      <symbol id="sm-790">
         <name>_IRQ_map</name>
         <value>0x18199</value>
         <object_component_ref idref="oc-170"/>
      </symbol>
      <symbol id="sm-791">
         <name>_IRQ_clearAll</name>
         <value>0x17e81</value>
         <object_component_ref idref="oc-170"/>
      </symbol>
      <symbol id="sm-792">
         <name>_IRQ_globalDisable</name>
         <value>0x18268</value>
         <object_component_ref idref="oc-170"/>
      </symbol>
      <symbol id="sm-793">
         <name>_IRQ_globalEnable</name>
         <value>0x18281</value>
         <object_component_ref idref="oc-170"/>
      </symbol>
      <symbol id="sm-794">
         <name>_IRQ_disableAll</name>
         <value>0x1801c</value>
         <object_component_ref idref="oc-170"/>
      </symbol>
      <symbol id="sm-795">
         <name>_IRQ_config</name>
         <value>0x17e91</value>
         <object_component_ref idref="oc-170"/>
      </symbol>
      <symbol id="sm-796">
         <name>_IRQ_init</name>
         <value>0x17da6</value>
         <object_component_ref idref="oc-170"/>
      </symbol>
      <symbol id="sm-797">
         <name>_IRQ_enable</name>
         <value>0x1802a</value>
         <object_component_ref idref="oc-170"/>
      </symbol>
      <symbol id="sm-798">
         <name>_IRQ_setVecs</name>
         <value>0x181c5</value>
         <object_component_ref idref="oc-170"/>
      </symbol>
      <symbol id="sm-7a3">
         <name>_IRQ_plug</name>
         <value>0x1c47a</value>
         <object_component_ref idref="oc-176"/>
      </symbol>
      <symbol id="sm-7c9">
         <name>_SYS_peripheralReset</name>
         <value>0x19e30</value>
         <object_component_ref idref="oc-17a"/>
      </symbol>
      <symbol id="sm-7ca">
         <name>_PG3_flag</name>
         <value>0x22eda</value>
         <object_component_ref idref="oc-17b"/>
      </symbol>
      <symbol id="sm-7cb">
         <name>_PG1_flag</name>
         <value>0x22edc</value>
         <object_component_ref idref="oc-17b"/>
      </symbol>
      <symbol id="sm-7cc">
         <name>_PG4_flag</name>
         <value>0x22ed8</value>
         <object_component_ref idref="oc-17b"/>
      </symbol>
      <symbol id="sm-7cd">
         <name>_SYS_setEBSR</name>
         <value>0x19ebe</value>
         <object_component_ref idref="oc-17a"/>
      </symbol>
      <symbol id="sm-7ce">
         <name>_SYS_set_DSP_LDO_voltage</name>
         <value>0x1a069</value>
         <object_component_ref idref="oc-17a"/>
      </symbol>
      <symbol id="sm-8bd">
         <name>_UART_resetOff</name>
         <value>0x13d06</value>
         <object_component_ref idref="oc-180"/>
      </symbol>
      <symbol id="sm-8be">
         <name>_UART_read</name>
         <value>0x13e78</value>
         <object_component_ref idref="oc-180"/>
      </symbol>
      <symbol id="sm-8bf">
         <name>_UART_reset</name>
         <value>0x13cc1</value>
         <object_component_ref idref="oc-180"/>
      </symbol>
      <symbol id="sm-8c0">
         <name>_UART_setCallback</name>
         <value>0x14547</value>
         <object_component_ref idref="oc-180"/>
      </symbol>
      <symbol id="sm-8c1">
         <name>_UART_setup</name>
         <value>0x1360b</value>
         <object_component_ref idref="oc-180"/>
      </symbol>
      <symbol id="sm-8c2">
         <name>_UART_fputc</name>
         <value>0x141c1</value>
         <object_component_ref idref="oc-180"/>
      </symbol>
      <symbol id="sm-8c3">
         <name>_UART_fgetc</name>
         <value>0x14123</value>
         <object_component_ref idref="oc-180"/>
      </symbol>
      <symbol id="sm-8c4">
         <name>_UART_fputs</name>
         <value>0x14376</value>
         <object_component_ref idref="oc-180"/>
      </symbol>
      <symbol id="sm-8c5">
         <name>_UART_fgets</name>
         <value>0x14246</value>
         <object_component_ref idref="oc-180"/>
      </symbol>
      <symbol id="sm-8c6">
         <name>_UART_write</name>
         <value>0x13fa1</value>
         <object_component_ref idref="oc-180"/>
      </symbol>
      <symbol id="sm-8c7">
         <name>_UART_getConfig</name>
         <value>0x1448a</value>
         <object_component_ref idref="oc-180"/>
      </symbol>
      <symbol id="sm-8c8">
         <name>_UART_eventEnable</name>
         <value>0x13d51</value>
         <object_component_ref idref="oc-180"/>
      </symbol>
      <symbol id="sm-8c9">
         <name>_UART_config</name>
         <value>0x13ab2</value>
         <object_component_ref idref="oc-180"/>
      </symbol>
      <symbol id="sm-8ca">
         <name>_UART_eventDisable</name>
         <value>0x13de9</value>
         <object_component_ref idref="oc-180"/>
      </symbol>
      <symbol id="sm-8cb">
         <name>_UART_init</name>
         <value>0x13579</value>
         <object_component_ref idref="oc-180"/>
      </symbol>
      <symbol id="sm-8cc">
         <name>_UART_getEventId</name>
         <value>0x14463</value>
         <object_component_ref idref="oc-180"/>
      </symbol>
      <symbol id="sm-8cd">
         <name>_UART_setupBaudRate</name>
         <value>0x13bb7</value>
         <object_component_ref idref="oc-180"/>
      </symbol>
      <symbol id="sm-917">
         <name>_VECSTART</name>
         <value>0x100</value>
         <object_component_ref idref="oc-186"/>
      </symbol>
      <symbol id="sm-918">
         <name>RST</name>
         <value>0x100</value>
         <object_component_ref idref="oc-186"/>
      </symbol>
   </symbol_table>
</link_info>
